---
source: src/buffers/reversed_vec.rs
expression: "&buffer"
---
ReversedVec {
    buf: [
        Level {
            price: FixedDecimal {
                raw: 10000000000000,
            },
            size: FixedDecimal {
                raw: 1000000000000,
            },
        },
        Level {
            price: FixedDecimal {
                raw: 80000000000000,
            },
            size: FixedDecimal {
                raw: 3000000000000,
            },
        },
        Level {
            price: FixedDecimal {
                raw: -1000000000000000000,
            },
            size: FixedDecimal {
                raw: 0,
            },
        },
        Level {
            price: FixedDecimal {
                raw: 1000000000000000000,
            },
            size: FixedDecimal {
                raw: 0,
            },
        },
        Level {
            price: FixedDecimal {
                raw: 1000000000000000000,
            },
            size: FixedDecimal {
                raw: 0,
            },
        },
        Level {
            price: FixedDecimal {
                raw: 1000000000000000000,
            },
            size: FixedDecimal {
                raw: 0,
            },
        },
        Level {
            price: FixedDecimal {
                raw: 1000000000000000000,
            },
            size: FixedDecimal {
                raw: 0,
            },
        },
        Level {
            price: FixedDecimal {
                raw: 1000000000000000000,
            },
            size: FixedDecimal {
                raw: 0,
            },
        },
        Level {
            price: FixedDecimal {
                raw: 1000000000000000000,
            },
            size: FixedDecimal {
                raw: 0,
            },
        },
        Level {
            price: FixedDecimal {
                raw: 1000000000000000000,
            },
            size: FixedDecimal {
                raw: 0,
            },
        },
    ],
    limit: FixedDecimal {
        raw: 1000000000000000000,
    },
    len: 2,
    cached_first: Some(
        Level {
            price: FixedDecimal {
                raw: 10000000000000,
            },
            size: FixedDecimal {
                raw: 1000000000000,
            },
        },
    ),
}
